// Vitest Snapshot v1, https://vitest.dev/guide/snapshot.html

exports[`useD3 > should call other composables and return all variables and methods 1`] = `
{
  "addLeafNode": [Function],
  "addNode": [Function],
  "adjacencyList": ComputedRefImpl {
    "__v_isReadonly": true,
    "__v_isRef": true,
    "_cacheable": true,
    "_dirty": true,
    "_setter": [Function],
    "dep": undefined,
    "effect": ReactiveEffect {
      "active": true,
      "computed": [Circular],
      "deps": [],
      "fn": [Function],
      "parent": undefined,
      "scheduler": [Function],
    },
  },
  "adjacencyMatrix": ComputedRefImpl {
    "__v_isReadonly": true,
    "__v_isRef": true,
    "_cacheable": true,
    "_dirty": true,
    "_setter": [Function],
    "dep": undefined,
    "effect": ReactiveEffect {
      "active": true,
      "computed": [Circular],
      "deps": [],
      "fn": [Function],
      "parent": undefined,
      "scheduler": [Function],
    },
  },
  "beginDrawEdge": [Function],
  "clearData": [Function],
  "colors": [
    "#4e79a7",
    "#f28e2c",
    "#e15759",
    "#76b7b2",
    "#59a14f",
    "#edc949",
    "#af7aa1",
    "#ff9da7",
    "#9c755f",
    "#bab0ab",
  ],
  "data": {
    "edges": [],
    "nodes": [],
  },
  "drawEdgeCords": {
    "x1": 0,
    "x2": 0,
    "y1": 0,
    "y2": 0,
  },
  "edgeList": ComputedRefImpl {
    "__v_isReadonly": true,
    "__v_isRef": true,
    "_cacheable": true,
    "_dirty": true,
    "_setter": [Function],
    "dep": undefined,
    "effect": ReactiveEffect {
      "active": true,
      "computed": [Circular],
      "deps": [],
      "fn": [Function],
      "parent": undefined,
      "scheduler": [Function],
    },
  },
  "edgesCords": ComputedRefImpl {
    "__v_isReadonly": true,
    "__v_isRef": true,
    "_cacheable": true,
    "_dirty": true,
    "_setter": [Function],
    "dep": undefined,
    "effect": ReactiveEffect {
      "active": true,
      "computed": [Circular],
      "deps": [],
      "fn": [Function],
      "parent": undefined,
      "scheduler": [Function],
    },
  },
  "enableDrag": [Function],
  "endDrawEdge": [Function],
  "generateRandomData": [Function],
  "graphProperties": ComputedRefImpl {
    "__v_isReadonly": true,
    "__v_isRef": true,
    "_cacheable": true,
    "_dirty": true,
    "_setter": [Function],
    "dep": undefined,
    "effect": ReactiveEffect {
      "active": true,
      "computed": [Circular],
      "deps": [],
      "fn": [Function],
      "parent": undefined,
      "scheduler": [Function],
    },
  },
  "hideDrawEdge": [Function],
  "highlightEdge": [Function],
  "highlightNode": [Function],
  "hoverEdge": RefImpl {
    "__v_isRef": true,
    "__v_isShallow": false,
    "_rawValue": null,
    "_value": null,
    "dep": undefined,
  },
  "hoverNode": RefImpl {
    "__v_isRef": true,
    "__v_isShallow": false,
    "_rawValue": null,
    "_value": null,
    "dep": undefined,
  },
  "initSimulation": [Function],
  "mousedownNode": RefImpl {
    "__v_isRef": true,
    "__v_isShallow": false,
    "_rawValue": null,
    "_value": null,
    "dep": undefined,
  },
  "nodesComponentColorIndex": ComputedRefImpl {
    "__v_isReadonly": true,
    "__v_isRef": true,
    "_cacheable": true,
    "_dirty": true,
    "_setter": [Function],
    "dep": undefined,
    "effect": ReactiveEffect {
      "active": true,
      "computed": [Circular],
      "deps": [],
      "fn": [Function],
      "parent": undefined,
      "scheduler": [Function],
    },
  },
  "removeEdge": [Function],
  "removeNode": [Function],
  "removeSubTree": [Function],
  "unhighlightEdge": [Function],
  "unhighlightNode": [Function],
  "updateDrawEdge": [Function],
  "updateSimulation": [Function],
}
`;
